// Jest Snapshot v1, https://goo.gl/fbAQLP

exports[`should match the snapshot 1`] = `
<DocumentFragment>
  <div
    class="sc-ftvSup gqkVqB"
  >
    <span
      class="sc-iBkjds flrtOA"
    >
      <svg
        class="sc-hKMtZM eAShCR"
        data-testid="rotating-lines-svg"
        role="status"
        speed="0.75"
        stroke="grey"
        viewBox="0 0 48 48"
        width="20"
        xmlns="http://www.w3.org/2000/svg"
      >
        <polyline
          class="sc-eCYdqJ lpbYzG"
          points="24,12 24,4"
          transform="rotate(0, 24, 24)"
          width="5"
        />
        <polyline
          class="sc-eCYdqJ lpbYzG"
          points="24,12 24,4"
          transform="rotate(30, 24, 24)"
          width="5"
        />
        <polyline
          class="sc-eCYdqJ lpbYzG"
          points="24,12 24,4"
          transform="rotate(60, 24, 24)"
          width="5"
        />
        <polyline
          class="sc-eCYdqJ lpbYzG"
          points="24,12 24,4"
          transform="rotate(90, 24, 24)"
          width="5"
        />
        <polyline
          class="sc-eCYdqJ lpbYzG"
          points="24,12 24,4"
          transform="rotate(120, 24, 24)"
          width="5"
        />
        <polyline
          class="sc-eCYdqJ lpbYzG"
          points="24,12 24,4"
          transform="rotate(150, 24, 24)"
          width="5"
        />
        <polyline
          class="sc-eCYdqJ lpbYzG"
          points="24,12 24,4"
          transform="rotate(180, 24, 24)"
          width="5"
        />
        <polyline
          class="sc-eCYdqJ lpbYzG"
          points="24,12 24,4"
          transform="rotate(210, 24, 24)"
          width="5"
        />
        <polyline
          class="sc-eCYdqJ lpbYzG"
          points="24,12 24,4"
          transform="rotate(240, 24, 24)"
          width="5"
        />
        <polyline
          class="sc-eCYdqJ lpbYzG"
          points="24,12 24,4"
          transform="rotate(270, 24, 24)"
          width="5"
        />
        <polyline
          class="sc-eCYdqJ lpbYzG"
          points="24,12 24,4"
          transform="rotate(300, 24, 24)"
          width="5"
        />
        <polyline
          class="sc-eCYdqJ lpbYzG"
          points="24,12 24,4"
          transform="rotate(330, 24, 24)"
          width="5"
        />
      </svg>
    </span>
    <p
      class="sc-papXJ gTcYUq"
    >
      saving
    </p>
  </div>
</DocumentFragment>
`;

exports[`should match the snapshot 2`] = `
<DocumentFragment>
  <div
    class="sc-ftvSup gqkVqB"
  >
    <span
      class="sc-iBkjds flrtOA"
    >
      <svg
        class="sc-hKMtZM eAShCR"
        data-testid="rotating-lines-svg"
        role="status"
        speed="0.75"
        stroke="grey"
        viewBox="0 0 48 48"
        width="20"
        xmlns="http://www.w3.org/2000/svg"
      >
        <polyline
          class="sc-eCYdqJ lpbYzG"
          points="24,12 24,4"
          transform="rotate(0, 24, 24)"
          width="5"
        />
        <polyline
          class="sc-eCYdqJ lpbYzG"
          points="24,12 24,4"
          transform="rotate(30, 24, 24)"
          width="5"
        />
        <polyline
          class="sc-eCYdqJ lpbYzG"
          points="24,12 24,4"
          transform="rotate(60, 24, 24)"
          width="5"
        />
        <polyline
          class="sc-eCYdqJ lpbYzG"
          points="24,12 24,4"
          transform="rotate(90, 24, 24)"
          width="5"
        />
        <polyline
          class="sc-eCYdqJ lpbYzG"
          points="24,12 24,4"
          transform="rotate(120, 24, 24)"
          width="5"
        />
        <polyline
          class="sc-eCYdqJ lpbYzG"
          points="24,12 24,4"
          transform="rotate(150, 24, 24)"
          width="5"
        />
        <polyline
          class="sc-eCYdqJ lpbYzG"
          points="24,12 24,4"
          transform="rotate(180, 24, 24)"
          width="5"
        />
        <polyline
          class="sc-eCYdqJ lpbYzG"
          points="24,12 24,4"
          transform="rotate(210, 24, 24)"
          width="5"
        />
        <polyline
          class="sc-eCYdqJ lpbYzG"
          points="24,12 24,4"
          transform="rotate(240, 24, 24)"
          width="5"
        />
        <polyline
          class="sc-eCYdqJ lpbYzG"
          points="24,12 24,4"
          transform="rotate(270, 24, 24)"
          width="5"
        />
        <polyline
          class="sc-eCYdqJ lpbYzG"
          points="24,12 24,4"
          transform="rotate(300, 24, 24)"
          width="5"
        />
        <polyline
          class="sc-eCYdqJ lpbYzG"
          points="24,12 24,4"
          transform="rotate(330, 24, 24)"
          width="5"
        />
      </svg>
    </span>
    <p
      class="sc-papXJ gTcYUq"
    >
      saving
    </p>
  </div>
</DocumentFragment>
`;
